<eps>	0
_	1
<NUM>	2
</NUM>	3
<TIME>	4
</TIME>	5
(<PAU>)	6
(A)	7
(CEĆI)	8
(DŹESAT)	9
(NAĆE)	10
)(DO)	11
+0	12
+0(DWANAĆICH)	13
+0(HODŹIN)	14
+0(JANUAR)	15
+0(JANUARA)	16
+0(NOCY)	17
+0(NUL)	18
+0(PO)	19
+0(PŘENI)	20
+0(PŘENJEHO)	21
+0(PŘENJO)	22
+0(RANO)	23
+0(W)	24
+0(WE)	25
+0(WE__WJEČOR)	26
+0(WJEČOR)	27
+0(WULKEHO__RÓŽKA)	28
+0(WULKI__RÓŽK)	29
+1(JEDYN)	30
+1(JEDYNA)	31
+1(JENA)	32
+1(JĚD)	33
+1(PÓNDŹELU)	34
+1(PŘENI)	35
+1(PŘENJA)	36
+1(PŘENJEHO)	37
+1(PŘENJEJE)	38
+1(PŘENJO)	39
+10(DŹESATA)	40
+10(DŹESATEHO)	41
+10(DŹESATEJE)	42
+10(DŹESATO)	43
+10(DŹESATY)	44
+10(DŹESAĆ)	45
+10(NATA)	46
+10(NATEHO)	47
+10(NATEJE)	48
+10(NATO)	49
+10(NATY)	50
+10(NAĆE)	51
+1020(SYDOMNAĆE)	52
+1080(WOSOMNAĆE)	53
+11(JĚD)	54
+1140(DŹEWJATNAĆE)	55
+12(DWA)	56
+120(DWAJ)	57
+120(DWĚMAJ)	58
+1200(DWACEĆI)	59
+1260(JEDYNADWACEĆI)	60
+13(TŘI)	61
+1320(DWAJADWACEĆI)	62
+1380(TŘIADWACEĆI)	63
+14(ŠTYR)	64
+15(PJAT)	65
+16(ŠĚS)	66
+17(SYDOM)	67
+18(WOSOM)	68
+180(TŘI)	69
+180(TŘOCH)	70
+19(DŹEWJAT)	71
+2(DRUHA)	72
+2(DRUHEHO)	73
+2(DRUHEJE)	74
+2(DRUHI)	75
+2(DRUHO)	76
+2(DWA)	77
+2(DWAJ)	78
+2(DWAJA)	79
+2(KRÓTKO)	80
+2(WUTORU)	81
+20(DWA)	82
+20(DWACETA)	83
+20(DWACETEHO)	84
+20(DWACETEJE)	85
+20(DWACETO)	86
+20(DWACETY)	87
+20(DWACEĆI)	88
+20(DWACTA)	89
+20(DWACTEHO)	90
+20(DWACTEJE)	91
+20(DWACTO)	92
+20(DWACTY)	93
+240(ŠTYRI)	94
+240(ŠTYRJOCH)	95
+3(SRJEDU)	96
+3(TŘEĆA)	97
+3(TŘEĆEHO)	98
+3(TŘEĆEJE)	99
+3(TŘEĆI)	100
+3(TŘEĆO)	101
+3(TŘI)	102
+3(TŘIA)	103
+30(TŘI)	104
+30(TŘICETA)	105
+30(TŘICETEHO)	106
+30(TŘICETEJE)	107
+30(TŘICETO)	108
+30(TŘICETY)	109
+30(TŘICTA)	110
+30(TŘICTEHO)	111
+30(TŘICTEJE)	112
+30(TŘICTO)	113
+30(TŘICTY)	114
+300(PJEĆ)	115
+300(PJEĆICH)	116
+31(DRUHEHO)	117
+31(DRUHI)	118
+31(DRUHO)	119
+31(FEBRUAR)	120
+31(FEBRUARA)	121
+31(JEDYNATŘICETA)	122
+31(JEDYNATŘICETEHO)	123
+31(JEDYNATŘICETEJE)	124
+31(JEDYNATŘICETO)	125
+31(JEDYNATŘICETY)	126
+31(JEDYNATŘICTA)	127
+31(JEDYNATŘICTEHO)	128
+31(JEDYNATŘICTEJE)	129
+31(JEDYNATŘICTO)	130
+31(JEDYNATŘICTY)	131
+31(JENATŘICETA)	132
+31(JENATŘICETEHO)	133
+31(JENATŘICETEJE)	134
+31(JENATŘICETO)	135
+31(JENATŘICETY)	136
+31(JENATŘICTA)	137
+31(JENATŘICTEHO)	138
+31(JENATŘICTEJE)	139
+31(JENATŘICTO)	140
+31(JENATŘICTY)	141
+31(MAŁEHO__RÓŽKA)	142
+31(MAŁI__RÓŽK)	143
+360(ŠĚSĆ)	144
+360(ŠĚSĆICH)	145
+4(ŠTWÓRTA)	146
+4(ŠTWÓRTEHO)	147
+4(ŠTWÓRTEJE)	148
+4(ŠTWÓRTK)	149
+4(ŠTWÓRTO)	150
+4(ŠTWÓRTY)	151
+4(ŠTYR)	152
+4(ŠTYRI)	153
+4(ŠTYRIA)	154
+40(ŠTYR)	155
+420(SEDMICH)	156
+420(SYDOM)	157
+480(WOSMICH)	158
+480(WOSOM)	159
+5(PJAT)	160
+5(PJATA)	161
+5(PJATEHO)	162
+5(PJATEJE)	163
+5(PJATK)	164
+5(PJATO)	165
+5(PJATY)	166
+5(PJEĆ)	167
+5(PJEĆA)	168
+50(PJEĆ)	169
+50(POŁSTA)	170
+540(DŹEWJEĆ)	171
+6(SOBOTU)	172
+6(ŠĚS)	173
+6(ŠĚSTA)	174
+6(ŠĚSTEHO)	175
+6(ŠĚSTEJE)	176
+6(ŠĚSTO)	177
+6(ŠĚSTY)	178
+6(ŠĚSĆ)	179
+6(ŠĚSĆA)	180
+60(JEDNEJ)	181
+60(JEDYN)	182
+60(ŠĚSĆ)	183
+600(DŹESAĆ)	184
+660(JĚDNAĆE)	185
+7(NJEDŹELU)	186
+7(SEDMA)	187
+7(SEDMEHO)	188
+7(SEDMEJE)	189
+7(SEDMO)	190
+7(SEDMY)	191
+7(SYDOM)	192
+7(SYDOMA)	193
+70(SYDOM)	194
+720	195
+720(DOPOŁDNJU)	196
+720(DWANAĆE)	197
+720(NAWJEČOR)	198
+720(POPOŁDNJU)	199
+720(PŘIPOŁDNJU)	200
+720(RANO)	201
+720(WE__WJEČOR)	202
+720(WJEČOR)	203
+780(TŘINAĆE)	204
+8(WOSMA)	205
+8(WOSMEHO)	206
+8(WOSMEJE)	207
+8(WOSMO)	208
+8(WOSMY)	209
+8(WOSOM)	210
+8(WOSOMA)	211
+80(WOSOM)	212
+840(ŠTYRNAĆE)	213
+9(DŹEWJAT)	214
+9(DŹEWJATA)	215
+9(DŹEWJATEHO)	216
+9(DŹEWJATEJE)	217
+9(DŹEWJATO)	218
+9(DŹEWJATY)	219
+9(DŹEWJEĆ)	220
+9(DŹEWJEĆA)	221
+90(DŹEWJEĆ)	222
+900(PJATNAĆE)	223
+960(ŠĚSNAĆE)	224
-(	225
-120(DŹESAĆICH)	226
-122(DŹEWJATEHO)	227
-122(DŹEWJATO)	228
-122(DŹEWJATY)	229
-122(POŽNJENC)	230
-122(POŽNJENCA)	231
-122(SEPTEMBER)	232
-122(SEPTEMBRA)	233
-15(TŘI__BĚRTLKI__NA)	234
-15(TŘI__BĚTLKI__NA)	235
-15(TŘIŠTWÓRĆ__NA)	236
-153(AWGUST)	237
-153(AWGUSTA)	238
-153(WOSMEHO)	239
-153(WOSMO)	240
-153(WOSMY)	241
-153(ŽNJENC)	242
-153(ŽNJENCA)	243
-180(DŹEWJEĆICH)	244
-184(JULIJ)	245
-184(JULIJA)	246
-184(PRAŽNIK)	247
-184(PRAŽNIKA)	248
-184(SEDMEHO)	249
-184(SEDMO)	250
-184(SEDMY)	251
-214(JUNIJ)	252
-214(JUNIJA)	253
-214(SMAŽNIK)	254
-214(SMAŽNIKA)	255
-214(ŠESTEHO)	256
-214(ŠESTO)	257
-214(ŠESTY)	258
-245(MEJA)	259
-245(MEJE)	260
-245(PJATEHO)	261
-245(PJATO)	262
-245(PJATY)	263
-245(RÓŽOWNIK)	264
-245(RÓŽOWNIKA)	265
-275(APRYL)	266
-275(APRYLA)	267
-275(JUTROWNIK)	268
-275(JUTROWNIKA)	269
-275(ŠTWÓRTEHO)	270
-275(ŠTWÓRTO)	271
-275(ŠTWÓRTY)	272
-30(NAPOŁ)	273
-30(NAPOŁ__W)	274
-30(NAPOŁ__WE)	275
-30(W__NAPOŁ)	276
-30(W__NAPOŁ__W)	277
-30(W__NAPOŁ__WE)	278
-306(MĚRC)	279
-306(MĚRCA)	280
-306(NALĚTNIK)	281
-306(NALĚTNIKA)	282
-306(TŘEĆEHO)	283
-306(TŘEĆI)	284
-306(TŘEĆO)	285
-31(DECEMBER)	286
-31(DECEMBRA)	287
-31(DWANATEHO)	288
-31(DWANATO)	289
-31(DWANATY)	290
-31(HODOWNIK)	291
-31(HODOWNIKA)	292
-45(BĚRTLK__NA)	293
-45(BĚTLK__NA)	294
-45(ŠTWÓRĆ__NA)	295
-60(JĚDNAĆICH)	296
-61(JĚDNATEHO)	297
-61(JĚDNATO)	298
-61(JĚDNATY)	299
-61(NAZYMNIK)	300
-61(NAZYMNIKA)	301
-61(NOWEMBER)	302
-61(NOWEMBRA)	303
-92(DŹESATEHO)	304
-92(DŹESATO)	305
-92(DŹESATY)	306
-92(OKTOBER)	307
-92(OKTOBRA)	308
-92(WINOWC)	309
-92(WINOWCA)	310
100(STO)	311
</DATE>	312
</WDAY>	313
<DATE>	314
<WDAY>	315
BARBU(BARBU)	316
BOLA(BOLA)	317
BUDŹIĆ(BUDŹIĆ)	318
BUDŹ_(BUDŹ)	319
BĚŁE_(BĚŁE)	320
BĚŁU_(BĚŁU)	321
CHCU(CHCU)	322
CHCU_(CHCU)	323
CHŁÓDNO_(CHŁÓDNO)	324
COPŁO_(ĆOPŁO)	325
CYLE_(CYLE)	326
DAJ(DAJ)	327
DAJ_(DAJ)	328
DOPOMINAJ_(DOPOMINAJ)	329
DOPOMŃ_(DOPOMŃ)	330
DOSĆ(DOSĆ)	331
DYRBJU(DYRBJU)	332
DŹI_(DŹI)	333
DŹĚĆI(DŹĚĆI)	334
HASNYĆ(HASNYĆ)	335
HASŃ_(HASŃ)	336
HASŃĆ_(HASŃĆ)	337
HOTOWY_(HOTOWY)	338
JE_(JE)	339
KAŽ_(KAŽ)	340
KOFEJ(KOFEJ)	341
KUSK_(KUSK)	342
KUS_(KUS)	343
LAMPA(LAMPA)	344
LAMPA_(LAMPA)	345
LAMPU(LAMPU)	346
LUBA_(LUBA)	347
MI_(MI)	348
MJENJE(MJENJE)	349
MNJE(MNJE)	350
MNJE_(MNJE)	351
MÓDRE_(MÓDRE)	352
MÓDRU_(MÓDRU)	353
MÓŽNO(MÓŽNO)	354
NAJSWĚTLIŠO(NAJSWĚTLIŠO)	355
NAKUP(NAKUP)	356
NARODNINY(NARODNINY)	357
NA_(NA)	358
NIČO(NIČO)	359
NJESPÓZNAJU_(NJESPÓZNAJU)	360
NJEWIDŹU_(NJEWIDŹU)	361
NJEZABUDŹ_(NJEZABUDŹ)	362
NJEZABYĆ_(NJEZABYĆ)	363
NOWY_(NOWY)	364
NĚTKO(NĚTKO)	365
ON(ON)	366
ORANŽOWE_(ORANŽOWE)	367
ORANŽOWU_(ORANŽOWU)	368
ORANŽ_(ORANŽ)	369
PARTY(PARTY)	370
POKAZAJ_(POKAZAJ)	371
POKAŽ_(POKAŽ)	372
PROCENTOW(PROCENTOW)	373
PROŠU(PROŠU)	374
PROŠU_(PROŠU)	375
PÓŠTU(PÓŠTU)	376
PŘECO_(PŘECO)	377
PŘE_(PŘE)	378
PŘITULNU_(PŘITULNU)	379
RADY_(RADY)	380
ROMANTIKI(ROMANTIKI)	381
ROMANTIKU(ROMANTIKU)	382
ROMANTIKU_(ROMANTIKU)	383
ROMANTISCE(ROMANTISCE)	384
SO(SO)	385
SO_(SO)	386
SPAĆ(SPAĆ)	387
STANYĆ(STANYĆ)	388
SWJEDŹEŃ(SWJEDŹEŃ)	389
SWĚCA_(SWĚCA)	390
SWĚCU(SWĚCU)	391
SWĚCU_(SWĚCU)	392
SWĚTLIŠO(SWĚTLIŠO)	393
SWĚTŁA(SWĚTŁA)	394
SWĚTŁA_(SWĚTŁA)	395
SWĚTŁO(SWĚTŁO)	396
SWĚTŁO_(SWĚTŁO)	397
SWĚĆ_(SWĚĆ)	398
SYM_(SYM)	399
SŁÓNCO(SŁÓNCO)	400
TAK_(TAK)	401
TERMIN(TERMIN)	402
TRJEBAM_(TRJEBAM)	403
TROŠKU_(TROŠKU)	404
WONKA_(WONKA)	405
WOTJĚZDŹIĆ(WOTJĚZDŹIĆ)	406
WOTJĚĆ(WOTJĚĆ)	407
WOČI_(WOČI)	408
WŠO(WŠO)	409
ZAPISAJ_(ZAPISAJ)	410
ZARJADUJ_(ZARJADUJ)	411
ZASWĚĆIĆ(ZASWĚĆIĆ)	412
ZASWĚĆ_(ZASWĚĆ)	413
ZAĆĚMNI_(ZAĆĚMNI)	414
ZAĆĚMŃ_(ZAĆĚMŃ)	415
ZELENE_(ZELENE)	416
ZELENU_(ZELENU)	417
ZETKANJE(ZETKANJE)	418
ZYMNO_(ZYMNO)	419
ZYMNU_(ZYMNU)	420
Z_(Z)	421
[+CLOCKMODWE]	422
[+CLOCKMODW]	423
[+CLOCK]	424
[+DATEDAT]	425
[+DATENOM]	426
[+DATE]	427
[+NUM0-23HODZIN]	428
[+NUM1-10DO]	429
[+NUM1-19]	430
[+NUM1-20DO]	431
[+NUM1-59]	432
[+NUM1-5DO]	433
[+NUM1-99]	434
[+NUM1-9]	435
[+NUM5-99]	436
[+ORDF1-31]	437
[+ORDFDAT1-31]	438
[+ORDM1-29]	439
[+ORDM30]	440
[+ORDM31]	441
[+ORDMDAT1-29]	442
[+ORDMDAT30]	443
[+ORDMDAT31]	444
[+WEEKDAYS]	445
[-CLOCKMODWE]	446
[-CLOCKMODW]	447
[-CLOCK]	448
[-DATEDAT]	449
[-DATENOM]	450
[-DATE]	451
[-NUM0-23HODZIN]	452
[-NUM1-10DO]	453
[-NUM1-19]	454
[-NUM1-20DO]	455
[-NUM1-59]	456
[-NUM1-5DO]	457
[-NUM1-99]	458
[-NUM1-9]	459
[-NUM5-99]	460
[-ORDF1-31]	461
[-ORDFDAT1-31]	462
[-ORDM1-29]	463
[-ORDM30]	464
[-ORDM31]	465
[-ORDMDAT1-29]	466
[-ORDMDAT30]	467
[-ORDMDAT31]	468
[-WEEKDAYS]	469
_PROŠU(PROŠU)	470
ĆIŃ_(ĆIŃ)	471
ĆMA(ĆMA)	472
ĆOPŁO_(ĆOPŁO)	473
ĆOPŁU_(ĆOPŁU)	474
ĆĚMNIŠO_(ĆĚMNIŠO)	475
ČERWJENE_(ČERWJENE)	476
ČERWJENU_(ČERWJENU)	477
ČIMOL(ČIMOL)	478
ČIN(ČIN)	479
ČIN_(ČIN)	480
ČITANJOM(ČITANJOM)	481
ČITAĆ(ČITAĆ)	482
ČMOWŠO(ČMOWŠO)	483
ŠĆE_(ŠĆE)	484
